[0.009s] Invoking command in '/media/huudinh/New Volume/esp32/NCHK_robotFirefighting_ROS/build/fire_robot_navigation': CMAKE_PREFIX_PATH=/opt/ros/humble /usr/bin/cmake /media/huudinh/New Volume/esp32/NCHK_robotFirefighting_ROS/ros2_ws/src/fire_robot_navigation -DAMENT_CMAKE_SYMLINK_INSTALL=1 -DCMAKE_INSTALL_PREFIX=/media/huudinh/New Volume/esp32/NCHK_robotFirefighting_ROS/install/fire_robot_navigation
[0.116s] -- The C compiler identification is GNU 11.4.0
[0.193s] -- The CXX compiler identification is GNU 11.4.0
[0.201s] -- Detecting C compiler ABI info
[0.258s] -- Detecting C compiler ABI info - done
[0.263s] -- Check for working C compiler: /usr/bin/cc - skipped
[0.263s] -- Detecting C compile features
[0.263s] -- Detecting C compile features - done
[0.266s] -- Detecting CXX compiler ABI info
[0.326s] -- Detecting CXX compiler ABI info - done
[0.331s] -- Check for working CXX compiler: /usr/bin/c++ - skipped
[0.331s] -- Detecting CXX compile features
[0.331s] -- Detecting CXX compile features - done
[0.332s] -- Found ament_cmake: 1.3.14 (/opt/ros/humble/share/ament_cmake/cmake)
[0.434s] -- Found Python3: /usr/bin/python3 (found version "3.10.12") found components: Interpreter 
[0.474s] -- Override CMake install command with custom implementation using symlinks instead of copying resources
[0.489s] -- Found rclcpp: 16.0.19 (/opt/ros/humble/share/rclcpp/cmake)
[0.513s] -- Found rosidl_generator_c: 3.1.8 (/opt/ros/humble/share/rosidl_generator_c/cmake)
[0.516s] -- Found rosidl_adapter: 3.1.8 (/opt/ros/humble/share/rosidl_adapter/cmake)
[0.521s] -- Found rosidl_generator_cpp: 3.1.8 (/opt/ros/humble/share/rosidl_generator_cpp/cmake)
[0.528s] -- Using all available rosidl_typesupport_c: rosidl_typesupport_fastrtps_c;rosidl_typesupport_introspection_c
[0.538s] -- Using all available rosidl_typesupport_cpp: rosidl_typesupport_fastrtps_cpp;rosidl_typesupport_introspection_cpp
[0.563s] -- Found rmw_implementation_cmake: 6.1.2 (/opt/ros/humble/share/rmw_implementation_cmake/cmake)
[0.565s] -- Found rmw_fastrtps_cpp: 6.2.10 (/opt/ros/humble/share/rmw_fastrtps_cpp/cmake)
[0.624s] -- Found OpenSSL: /usr/lib/x86_64-linux-gnu/libcrypto.so (found version "3.0.2")  
[0.641s] -- Found FastRTPS: /opt/ros/humble/include  
[0.670s] -- Using RMW implementation 'rmw_fastrtps_cpp' as default
[0.676s] -- Looking for pthread.h
[0.728s] -- Looking for pthread.h - found
[0.728s] -- Performing Test CMAKE_HAVE_LIBC_PTHREAD
[0.784s] -- Performing Test CMAKE_HAVE_LIBC_PTHREAD - Success
[0.784s] -- Found Threads: TRUE  
[0.825s] -- Found rclpy: 3.3.21 (/opt/ros/humble/share/rclpy/cmake)
[0.826s] -- Found nav2_bringup: 1.1.20 (/opt/ros/humble/share/nav2_bringup/cmake)
[0.828s] -- Found slam_toolbox: 2.6.10 (/opt/ros/humble/share/slam_toolbox/cmake)
[0.980s] -- Found eigen3_cmake_module: 0.1.1 (/opt/ros/humble/share/eigen3_cmake_module/cmake)
[0.981s] -- Found Eigen3: TRUE (found version "3.4.0") 
[0.981s] -- Ensuring Eigen3 include directory is part of orocos-kdl CMake target
[1.009s] -- Setting assimp_DIR to: '/opt/ros/humble/share/rviz_assimp_vendor/cmake/../../../opt/rviz_assimp_vendor/lib/cmake/assimp-4.1'
[1.013s] -- Setting OGRE_DIR to: '/opt/ros/humble/share/rviz_ogre_vendor/cmake/../../../opt/rviz_ogre_vendor/lib/OGRE/cmake'
[1.013s] -- Found OGRE
[1.014s] --   static     : OFF
[1.014s] --   components : HLMS;MeshLodGenerator;Overlay;Paging;Property;RTShaderSystem;Terrain;Volume
[1.014s] --   plugins    : Plugin_BSPSceneManager;Plugin_OctreeSceneManager;Plugin_PCZSceneManager;Plugin_ParticleFX;RenderSystem_GL;RenderSystem_GL3Plus;Codec_STBI
[1.014s] --   media      : /opt/ros/humble/opt/rviz_ogre_vendor/share/OGRE/Media
[1.014s] -- OGRE_LIBRARIES: OgreHLMS;OgreMeshLodGenerator;OgreOverlay;OgrePaging;OgreProperty;OgreRTShaderSystem;OgreTerrain;OgreVolume;OgreMain
[1.014s] -- OGRE_LIBRARY_DIRS: /opt/ros/humble/opt/rviz_ogre_vendor/lib
[1.014s] -- OGRE_PLUGINS: Plugin_BSPSceneManager;Plugin_OctreeSceneManager;Plugin_PCZSceneManager;Plugin_ParticleFX;RenderSystem_GL;RenderSystem_GL3Plus;Codec_STBI
[1.014s] -- OGRE_PLUGIN_DIR: /opt/ros/humble/opt/rviz_ogre_vendor/lib/OGRE
[1.014s] -- rviz_ogre_vendor::OgreOverlay for IMPORTED_LOCATION_RELEASE: /opt/ros/humble/opt/rviz_ogre_vendor/lib/libOgreOverlay.so
[1.014s] -- rviz_ogre_vendor::OgreOverlay for IMPORTED_LOCATION_DEBUG: /opt/ros/humble/opt/rviz_ogre_vendor/lib/libOgreOverlay.so
[1.014s] -- rviz_ogre_vendor::OgreMain for IMPORTED_LOCATION_RELEASE: /opt/ros/humble/opt/rviz_ogre_vendor/lib/libOgreMain.so
[1.014s] -- rviz_ogre_vendor::OgreMain for IMPORTED_LOCATION_DEBUG: /opt/ros/humble/opt/rviz_ogre_vendor/lib/libOgreMain.so
[1.015s] -- Could not find freeimage library
[1.027s] -- Found ZLIB: /usr/lib/x86_64-linux-gnu/libz.so (found version "1.2.11") 
[1.031s] -- Found OpenGL: /usr/lib/x86_64-linux-gnu/libOpenGL.so   
[1.100s] -- Found X11: /usr/include   
[1.100s] -- Looking for XOpenDisplay in /usr/lib/x86_64-linux-gnu/libX11.so;/usr/lib/x86_64-linux-gnu/libXext.so
[1.158s] -- Looking for XOpenDisplay in /usr/lib/x86_64-linux-gnu/libX11.so;/usr/lib/x86_64-linux-gnu/libXext.so - found
[1.158s] -- Looking for gethostbyname
[1.210s] -- Looking for gethostbyname - found
[1.210s] -- Looking for connect
[1.261s] -- Looking for connect - found
[1.261s] -- Looking for remove
[1.314s] -- Looking for remove - found
[1.314s] -- Looking for shmat
[1.369s] -- Looking for shmat - found
[1.369s] -- Looking for IceConnectionNumber in ICE
[1.425s] -- Looking for IceConnectionNumber in ICE - found
[1.489s] -- library: /usr/lib/x86_64-linux-gnu/libcurl.so
[1.541s] -- Found ament_lint_auto: 0.12.15 (/opt/ros/humble/share/ament_lint_auto/cmake)
[1.590s] -- Added test 'flake8' to check Python code syntax and style conventions
[1.590s] -- Added test 'lint_cmake' to check CMake code style
[1.590s] -- Added test 'pep257' to check Python code against some of the docstring style conventions in PEP 257
[1.591s] -- Added test 'xmllint' to check XML markup files
[1.592s] -- Configuring done
[1.597s] -- Generating done
[1.599s] -- Build files have been written to: /media/huudinh/New Volume/esp32/NCHK_robotFirefighting_ROS/build/fire_robot_navigation
[1.608s] Invoked command in '/media/huudinh/New Volume/esp32/NCHK_robotFirefighting_ROS/build/fire_robot_navigation' returned '0': CMAKE_PREFIX_PATH=/opt/ros/humble /usr/bin/cmake /media/huudinh/New Volume/esp32/NCHK_robotFirefighting_ROS/ros2_ws/src/fire_robot_navigation -DAMENT_CMAKE_SYMLINK_INSTALL=1 -DCMAKE_INSTALL_PREFIX=/media/huudinh/New Volume/esp32/NCHK_robotFirefighting_ROS/install/fire_robot_navigation
[1.609s] Invoking command in '/media/huudinh/New Volume/esp32/NCHK_robotFirefighting_ROS/build/fire_robot_navigation': CMAKE_PREFIX_PATH=/opt/ros/humble /usr/bin/cmake --build /media/huudinh/New Volume/esp32/NCHK_robotFirefighting_ROS/build/fire_robot_navigation -- -j12 -l12
[1.647s] Invoked command in '/media/huudinh/New Volume/esp32/NCHK_robotFirefighting_ROS/build/fire_robot_navigation' returned '0': CMAKE_PREFIX_PATH=/opt/ros/humble /usr/bin/cmake --build /media/huudinh/New Volume/esp32/NCHK_robotFirefighting_ROS/build/fire_robot_navigation -- -j12 -l12
[1.654s] Invoking command in '/media/huudinh/New Volume/esp32/NCHK_robotFirefighting_ROS/build/fire_robot_navigation': CMAKE_PREFIX_PATH=/opt/ros/humble /usr/bin/cmake --install /media/huudinh/New Volume/esp32/NCHK_robotFirefighting_ROS/build/fire_robot_navigation
[1.660s] -- Install configuration: ""
[1.661s] -- Execute custom install script
[1.662s] -- Symlinking: /media/huudinh/New Volume/esp32/NCHK_robotFirefighting_ROS/install/fire_robot_navigation/share/fire_robot_navigation/launch/__pycache__/slam.launch.cpython-310.pyc
[1.667s] -- Symlinking: /media/huudinh/New Volume/esp32/NCHK_robotFirefighting_ROS/install/fire_robot_navigation/share/fire_robot_navigation/launch/slam.launch.py
[1.674s] -- Symlinking: /media/huudinh/New Volume/esp32/NCHK_robotFirefighting_ROS/install/fire_robot_navigation/share/fire_robot_navigation/config/mapper_params_online_async.yaml
[1.680s] -- Symlinking: /media/huudinh/New Volume/esp32/NCHK_robotFirefighting_ROS/install/fire_robot_navigation/share/fire_robot_navigation/config/slam.rviz
[1.686s] -- Symlinking: /media/huudinh/New Volume/esp32/NCHK_robotFirefighting_ROS/install/fire_robot_navigation/share/ament_index/resource_index/package_run_dependencies/fire_robot_navigation
[1.695s] -- Symlinking: /media/huudinh/New Volume/esp32/NCHK_robotFirefighting_ROS/install/fire_robot_navigation/share/ament_index/resource_index/parent_prefix_path/fire_robot_navigation
[1.703s] -- Symlinking: /media/huudinh/New Volume/esp32/NCHK_robotFirefighting_ROS/install/fire_robot_navigation/share/fire_robot_navigation/environment/ament_prefix_path.sh
[1.710s] -- Symlinking: /media/huudinh/New Volume/esp32/NCHK_robotFirefighting_ROS/install/fire_robot_navigation/share/fire_robot_navigation/environment/ament_prefix_path.dsv
[1.715s] -- Symlinking: /media/huudinh/New Volume/esp32/NCHK_robotFirefighting_ROS/install/fire_robot_navigation/share/fire_robot_navigation/environment/path.sh
[1.721s] -- Symlinking: /media/huudinh/New Volume/esp32/NCHK_robotFirefighting_ROS/install/fire_robot_navigation/share/fire_robot_navigation/environment/path.dsv
[1.727s] -- Symlinking: /media/huudinh/New Volume/esp32/NCHK_robotFirefighting_ROS/install/fire_robot_navigation/share/fire_robot_navigation/local_setup.bash
[1.733s] -- Symlinking: /media/huudinh/New Volume/esp32/NCHK_robotFirefighting_ROS/install/fire_robot_navigation/share/fire_robot_navigation/local_setup.sh
[1.741s] -- Symlinking: /media/huudinh/New Volume/esp32/NCHK_robotFirefighting_ROS/install/fire_robot_navigation/share/fire_robot_navigation/local_setup.zsh
[1.749s] -- Symlinking: /media/huudinh/New Volume/esp32/NCHK_robotFirefighting_ROS/install/fire_robot_navigation/share/fire_robot_navigation/local_setup.dsv
[1.755s] -- Symlinking: /media/huudinh/New Volume/esp32/NCHK_robotFirefighting_ROS/install/fire_robot_navigation/share/fire_robot_navigation/package.dsv
[1.761s] -- Symlinking: /media/huudinh/New Volume/esp32/NCHK_robotFirefighting_ROS/install/fire_robot_navigation/share/ament_index/resource_index/packages/fire_robot_navigation
[1.768s] -- Symlinking: /media/huudinh/New Volume/esp32/NCHK_robotFirefighting_ROS/install/fire_robot_navigation/share/fire_robot_navigation/cmake/fire_robot_navigationConfig.cmake
[1.776s] -- Symlinking: /media/huudinh/New Volume/esp32/NCHK_robotFirefighting_ROS/install/fire_robot_navigation/share/fire_robot_navigation/cmake/fire_robot_navigationConfig-version.cmake
[1.783s] -- Symlinking: /media/huudinh/New Volume/esp32/NCHK_robotFirefighting_ROS/install/fire_robot_navigation/share/fire_robot_navigation/package.xml
[1.792s] Invoked command in '/media/huudinh/New Volume/esp32/NCHK_robotFirefighting_ROS/build/fire_robot_navigation' returned '0': CMAKE_PREFIX_PATH=/opt/ros/humble /usr/bin/cmake --install /media/huudinh/New Volume/esp32/NCHK_robotFirefighting_ROS/build/fire_robot_navigation
